// Jest Snapshot v1, https://goo.gl/fbAQLP

exports[`Handles slow solution matches snapshot for anotherBroken 1`] = `undefined`;

exports[`Handles slow solution matches snapshot for anotherBroken 2`] = `
Object {
  "0,3": Object {
    "direction": "horizontal",
    "key": "0,3",
    "lineDelta": Object {
      "x": 1,
      "y": 0,
    },
    "solutionOrderNumber": 4,
    "value": 1,
  },
  "0,5": Object {
    "direction": "horizontal",
    "key": "0,5",
    "lineDelta": Object {
      "x": 1,
      "y": 0,
    },
    "solutionOrderNumber": 7,
    "value": 2,
  },
  "0,8": Object {
    "direction": "vertical",
    "key": "0,8",
    "lineDelta": Object {
      "x": 0,
      "y": -1,
    },
    "solutionOrderNumber": 1,
    "value": 2,
  },
  "1,6": Object {
    "direction": "horizontal",
    "key": "1,6",
    "lineDelta": Object {
      "x": -1,
      "y": 0,
    },
    "solutionOrderNumber": 14,
    "value": 1,
  },
  "1,7": Object {
    "direction": "vertical",
    "key": "1,7",
    "lineDelta": Object {
      "x": 0,
      "y": -1,
    },
    "solutionOrderNumber": 3,
    "value": 1,
  },
  "2,11": Object {
    "direction": "vertical",
    "key": "2,11",
    "lineDelta": Object {
      "x": 0,
      "y": -1,
    },
    "solutionOrderNumber": 6,
    "value": 2,
  },
  "2,2": Object {
    "direction": "horizontal",
    "key": "2,2",
    "lineDelta": Object {
      "x": -1,
      "y": 0,
    },
    "solutionOrderNumber": 2,
    "value": 1,
  },
  "3,11": Object {
    "direction": "vertical",
    "key": "3,11",
    "lineDelta": Object {
      "x": 0,
      "y": -1,
    },
    "solutionOrderNumber": 13,
    "value": 1,
  },
  "3,4": Object {
    "direction": "horizontal",
    "key": "3,4",
    "lineDelta": Object {
      "x": -1,
      "y": 0,
    },
    "solutionOrderNumber": 5,
    "value": 1,
  },
  "3,5": Object {
    "direction": "vertical",
    "key": "3,5",
    "lineDelta": Object {
      "x": 0,
      "y": 1,
    },
    "solutionOrderNumber": 9,
    "value": 1,
  },
  "3,7": Object {
    "direction": "vertical",
    "key": "3,7",
    "lineDelta": Object {
      "x": 0,
      "y": 1,
    },
    "solutionOrderNumber": 11,
    "value": 1,
  },
  "4,5": Object {
    "direction": "vertical",
    "key": "4,5",
    "lineDelta": Object {
      "x": 0,
      "y": 1,
    },
    "solutionOrderNumber": 16,
    "value": 1,
  },
  "4,6": Object {
    "direction": "horizontal",
    "key": "4,6",
    "lineDelta": Object {
      "x": -1,
      "y": 0,
    },
    "solutionOrderNumber": 8,
    "value": 1,
  },
  "4,8": Object {
    "direction": "horizontal",
    "key": "4,8",
    "lineDelta": Object {
      "x": -1,
      "y": 0,
    },
    "solutionOrderNumber": 10,
    "value": 1,
  },
  "5,10": Object {
    "direction": "horizontal",
    "key": "5,10",
    "lineDelta": Object {
      "x": -1,
      "y": 0,
    },
    "solutionOrderNumber": 12,
    "value": 2,
  },
  "6,7": Object {
    "direction": "horizontal",
    "key": "6,7",
    "lineDelta": Object {
      "x": -1,
      "y": 0,
    },
    "solutionOrderNumber": 15,
    "value": 3,
  },
}
`;
