// Jest Snapshot v1, https://goo.gl/fbAQLP

exports[`Handles slow solution matches snapshot for blobBroken 1`] = `undefined`;

exports[`Handles slow solution matches snapshot for blobBroken 2`] = `
Object {
  "0,0": Object {
    "direction": "vertical",
    "key": "0,0",
    "lineDelta": Object {
      "x": 0,
      "y": 1,
    },
    "solutionOrderNumber": 1,
    "value": 9,
  },
}
`;
