// Jest Snapshot v1, https://goo.gl/fbAQLP

exports[`Handles slow solution matches snapshot for something 1`] = `undefined`;

exports[`Handles slow solution matches snapshot for something 2`] = `
Object {
  "10,2": Object {
    "blocksHandledByLine": Array [
      "10,3",
      "10,4",
    ],
    "blocksHandledByOthers": Array [],
    "direction": "vertical",
    "key": "10,2",
    "lineDelta": Object {
      "x": 0,
      "y": 1,
    },
    "solutionOrderNumber": 7,
    "value": 2,
  },
  "10,5": Object {
    "blocksHandledByLine": Array [
      "10,6",
    ],
    "blocksHandledByOthers": Array [],
    "direction": "vertical",
    "key": "10,5",
    "lineDelta": Object {
      "x": 0,
      "y": 1,
    },
    "solutionOrderNumber": 10,
    "value": 1,
  },
  "11,2": Object {
    "blocksHandledByLine": Array [
      "5,2",
      "6,2",
      "8,2",
      "3,2",
    ],
    "blocksHandledByOthers": Array [
      "10,2",
      "9,2",
      "7,2",
      "4,2",
    ],
    "direction": "horizontal",
    "key": "11,2",
    "lineDelta": Object {
      "x": -1,
      "y": 0,
    },
    "solutionOrderNumber": 1,
    "value": 4,
  },
  "11,3": Object {
    "blocksHandledByLine": Array [
      "9,3",
    ],
    "blocksHandledByOthers": Array [
      "10,3",
    ],
    "direction": "horizontal",
    "key": "11,3",
    "lineDelta": Object {
      "x": -1,
      "y": 0,
    },
    "solutionOrderNumber": 5,
    "value": 1,
  },
  "11,4": Object {
    "blocksHandledByLine": Array [
      "9,4",
    ],
    "blocksHandledByOthers": Array [
      "10,4",
    ],
    "direction": "horizontal",
    "key": "11,4",
    "lineDelta": Object {
      "x": -1,
      "y": 0,
    },
    "solutionOrderNumber": 6,
    "value": 1,
  },
  "11,6": Object {
    "blocksHandledByLine": Array [
      "9,6",
    ],
    "blocksHandledByOthers": Array [
      "10,6",
    ],
    "direction": "horizontal",
    "key": "11,6",
    "lineDelta": Object {
      "x": -1,
      "y": 0,
    },
    "solutionOrderNumber": 9,
    "value": 1,
  },
  "4,0": Object {
    "blocksHandledByLine": Array [
      "4,1",
      "4,2",
    ],
    "blocksHandledByOthers": Array [],
    "direction": "vertical",
    "key": "4,0",
    "lineDelta": Object {
      "x": 0,
      "y": 1,
    },
    "solutionOrderNumber": 2,
    "value": 2,
  },
  "7,4": Object {
    "blocksHandledByLine": Array [
      "7,3",
      "7,2",
    ],
    "blocksHandledByOthers": Array [],
    "direction": "vertical",
    "key": "7,4",
    "lineDelta": Object {
      "x": 0,
      "y": -1,
    },
    "solutionOrderNumber": 3,
    "value": 2,
  },
  "8,5": Object {
    "blocksHandledByLine": Array [
      "9,5",
    ],
    "blocksHandledByOthers": Array [],
    "direction": "horizontal",
    "key": "8,5",
    "lineDelta": Object {
      "x": 1,
      "y": 0,
    },
    "solutionOrderNumber": 8,
    "value": 1,
  },
  "9,7": Object {
    "blocksHandledByLine": Array [
      "9,2",
    ],
    "blocksHandledByOthers": Array [
      "9,6",
      "9,5",
      "9,4",
      "9,3",
    ],
    "direction": "vertical",
    "key": "9,7",
    "lineDelta": Object {
      "x": 0,
      "y": -1,
    },
    "solutionOrderNumber": 4,
    "value": 1,
  },
}
`;
